Found 8 marker(s)

Description is Empty
Hint is Empty

Description: Label
Hint is Empty

Description: Value
Hint is Empty

Description: Hint
Hint is Empty

Description: Label: Value
Hint is Empty

Description: Label
Hint: Hint

Description: Value
Hint: Hint

Description: Label: Value
Hint: Hint